[0m16:19:10.969635 [debug] [MainThread]: Sending event: {'category': 'dbt', 'action': 'invocation', 'label': 'start', 'context': [<snowplow_tracker.self_describing_json.SelfDescribingJson object at 0x000002A034EFF860>, <snowplow_tracker.self_describing_json.SelfDescribingJson object at 0x000002A034E53B60>, <snowplow_tracker.self_describing_json.SelfDescribingJson object at 0x000002A034187380>]}


============================== 16:19:11.139820 | bb2801d7-1cad-4499-a155-99675a782fd2 ==============================
[0m16:19:11.139820 [info ] [MainThread]: Running with dbt=1.12.4
[0m16:19:11.139820 [debug] [MainThread]: running dbt with arguments {'static_parser': 'True', 'no_print': 'None', 'maximum_seed_size_mib': '1', 'target_path': 'None', 'warn_error_options': 'WarnErrorOptionsV2(error=[], warn=[], silence=[])', 'version_check': 'True', 'printer_width': '80', 'write_json': 'True', 'empty': 'None', 'log_cache_events': 'False', 'introspect': 'True', 'cache_selected_only': 'False', 'log_format': 'default', 'debug': 'False', 'fail_fast': 'False', 'partial_parse': 'True', 'send_anonymous_usage_stats': 'True', 'quiet': 'False', 'warn_error': 'None', 'profiles_dir': 'C:\\Users\\Priyadarsani Biswal\\.dbt', 'use_colors': 'True', 'hints_enabled': 'True', 'indirect_selection': 'eager', 'use_experimental_parser': 'False', 'invocation_command': 'dbt init', 'log_path': 'logs'}
[0m16:19:11.601210 [info ] [MainThread]: Creating dbt configuration folder at C:\Users\Priyadarsani Biswal\.dbt
[0m16:21:07.510571 [debug] [MainThread]: Starter project path: C:\DBT_Snowflake\.venv\Lib\site-packages\dbt\include\starter_project
[0m16:21:07.557884 [info ] [MainThread]: Setting up your profile.
[0m16:21:57.320875 [debug] [MainThread]: Snowflake adapter: Setting snowflake.connector to ERROR (file logging only)
[0m16:21:57.327788 [debug] [MainThread]: Snowflake adapter: Setting botocore to ERROR (file logging only)
[0m16:21:57.330206 [debug] [MainThread]: Snowflake adapter: Setting boto3 to ERROR (file logging only)
[0m18:50:22.758876 [info ] [MainThread]: Profile aws_dbt_snoflake_project written to C:\Users\Priyadarsani Biswal\.dbt\profiles.yml using target's profile_template.yml and your supplied values.
[0m18:50:22.827215 [info ] [MainThread]: Running dbt debug to validate the project...
[0m18:50:22.830215 [info ] [MainThread]: dbt version: 1.12.4
[0m18:50:22.830215 [info ] [MainThread]: python version: 3.12.6
[0m18:50:22.830215 [info ] [MainThread]: python path: C:\DBT_Snowflake\.venv\Scripts\python.exe
[0m18:50:22.831216 [info ] [MainThread]: os info: Windows-11-10.0.26200-SP0
[0m18:50:22.925146 [info ] [MainThread]: Using profiles dir at C:\Users\Priyadarsani Biswal\.dbt
[0m18:50:22.926144 [info ] [MainThread]: Using profiles.yml file at C:\Users\Priyadarsani Biswal\.dbt\profiles.yml
[0m18:50:22.927145 [info ] [MainThread]: Using dbt_project.yml file at C:\DBT_Snowflake\aws_dbt_snoflake_project\dbt_project.yml
[0m18:50:22.943254 [info ] [MainThread]: adapter type: snowflake
[0m18:50:22.944254 [info ] [MainThread]: adapter version: 1.12.0
[0m18:50:23.041453 [info ] [MainThread]: Configuration:
[0m18:50:23.042453 [info ] [MainThread]:   profiles.yml file [[32mOK found and valid[0m]
[0m18:50:23.042453 [info ] [MainThread]:   dbt_project.yml file [[32mOK found and valid[0m]
[0m18:50:23.043452 [info ] [MainThread]: Required dependencies:
[0m18:50:23.043452 [debug] [MainThread]: Executing "git --help"
[0m18:50:23.113073 [debug] [MainThread]: STDOUT: "b"usage: git [-v | --version] [-h | --help] [-C <path>] [-c <name>=<value>]\n           [--exec-path[=<path>]] [--html-path] [--man-path] [--info-path]\n           [-p | --paginate | -P | --no-pager] [--no-replace-objects] [--no-lazy-fetch]\n           [--no-optional-locks] [--no-advice] [--bare] [--git-dir=<path>]\n           [--work-tree=<path>] [--namespace=<name>] [--config-env=<name>=<envvar>]\n           <command> [<args>]\n\nThese are common Git commands used in various situations:\n\nstart a working area (see also: git help tutorial)\n   clone      Clone a repository into a new directory\n   init       Create an empty Git repository or reinitialize an existing one\n\nwork on the current change (see also: git help everyday)\n   add        Add file contents to the index\n   mv         Move or rename a file, a directory, or a symlink\n   restore    Restore working tree files\n   rm         Remove files from the working tree and from the index\n\nexamine the history and state (see also: git help revisions)\n   bisect     Use binary search to find the commit that introduced a bug\n   diff       Show changes between commits, commit and working tree, etc\n   grep       Print lines matching a pattern\n   log        Show commit logs\n   show       Show various types of objects\n   status     Show the working tree status\n\ngrow, mark and tweak your common history\n   backfill   Download missing objects in a partial clone\n   branch     List, create, or delete branches\n   commit     Record changes to the repository\n   history    EXPERIMENTAL: Rewrite history\n   merge      Join two or more development histories together\n   rebase     Reapply commits on top of another base tip\n   reset      Set `HEAD` or the index to a known state\n   switch     Switch branches\n   tag        Create, list, delete or verify tags\n\ncollaborate (see also: git help workflows)\n   fetch      Download objects and refs from another repository\n   pull       Fetch from and integrate with another repository or a local branch\n   push       Update remote refs along with associated objects\n\n'git help -a' and 'git help -g' list available subcommands and some\nconcept guides. See 'git help <command>' or 'git help <concept>'\nto read about a specific subcommand or concept.\nSee 'git help git' for an overview of the system.\n""
[0m18:50:23.114161 [debug] [MainThread]: STDERR: "b''"
[0m18:50:23.115123 [info ] [MainThread]:  - git [[32mOK found[0m]

[0m18:50:23.115123 [info ] [MainThread]: Connection:
[0m18:50:23.116075 [info ] [MainThread]:   account: PZPJREA-HA56578
[0m18:50:23.116075 [info ] [MainThread]:   user: PRIYADARSANI633
[0m18:50:23.116075 [info ] [MainThread]:   database: AIRBNB
[0m18:50:23.117079 [info ] [MainThread]:   warehouse: COMPUTE_WH
[0m18:50:23.117079 [info ] [MainThread]:   role: ACCOUNTADMIN
[0m18:50:23.117079 [info ] [MainThread]:   schema: dbt_schema
[0m18:50:23.117079 [info ] [MainThread]:   authenticator: None
[0m18:50:23.118127 [info ] [MainThread]:   oauth_client_id: None
[0m18:50:23.118127 [info ] [MainThread]:   query_tag: None
[0m18:50:23.118127 [info ] [MainThread]:   client_session_keep_alive: False
[0m18:50:23.119129 [info ] [MainThread]:   host: None
[0m18:50:23.119129 [info ] [MainThread]:   port: None
[0m18:50:23.119129 [info ] [MainThread]:   proxy_host: None
[0m18:50:23.119129 [info ] [MainThread]:   proxy_port: None
[0m18:50:23.119129 [info ] [MainThread]:   protocol: None
[0m18:50:23.120119 [info ] [MainThread]:   connect_retries: 1
[0m18:50:23.120119 [info ] [MainThread]:   connect_timeout: None
[0m18:50:23.120119 [info ] [MainThread]:   retry_on_database_errors: False
[0m18:50:23.121076 [info ] [MainThread]:   retry_all: False
[0m18:50:23.121076 [info ] [MainThread]:   insecure_mode: False
[0m18:50:23.122080 [info ] [MainThread]:   reuse_connections: True
[0m18:50:23.122080 [info ] [MainThread]:   s3_stage_vpce_dns_name: None
[0m18:50:23.122080 [info ] [MainThread]:   workload_identity_provider: None
[0m18:50:23.123121 [info ] [MainThread]:   workload_identity_entra_resource: None
[0m18:50:23.123121 [info ] [MainThread]:   platform_detection_timeout_seconds: 0.0
[0m18:50:23.124139 [info ] [MainThread]: Registered adapter: snowflake=1.12.0
[0m18:50:23.616749 [debug] [MainThread]: Acquiring new snowflake connection 'debug'
[0m18:50:23.633313 [debug] [MainThread]: Using snowflake connection "debug"
[0m18:50:23.634315 [debug] [MainThread]: On debug: select 1 as id
[0m18:50:23.634315 [debug] [MainThread]: Opening a new connection, currently in state init
[0m18:50:27.428137 [debug] [MainThread]: SQL status: SUCCESS 1 in 3.793 seconds
[0m18:50:27.429136 [info ] [MainThread]:   Connection test: [[32mOK connection ok[0m]

[0m18:50:27.429136 [info ] [MainThread]: [32mAll checks passed![0m
[0m18:50:27.430136 [info ] [MainThread]: Your new dbt project "aws_dbt_snoflake_project" was created!
Initialized new project in C:\DBT_Snowflake\aws_dbt_snoflake_project\aws_dbt_snoflake_project

For more information on how to configure the profiles.yml file,
please consult the dbt documentation here:

  https://docs.getdbt.com/docs/configure-your-profile

One more thing:

Need help? Don't hesitate to reach out to us via GitHub issues or on Slack:

  https://community.getdbt.com/

Happy modeling!

[0m18:50:27.432136 [debug] [MainThread]: Command `dbt init` succeeded at 18:50:27.432136 after 9076.73 seconds
[0m18:50:27.432136 [debug] [MainThread]: Connection 'debug' was left open.
[0m18:50:27.432136 [debug] [MainThread]: On debug: Close
[0m18:50:28.433773 [debug] [MainThread]: Sending event: {'category': 'dbt', 'action': 'invocation', 'label': 'end', 'context': [<snowplow_tracker.self_describing_json.SelfDescribingJson object at 0x000002A039640CB0>, <snowplow_tracker.self_describing_json.SelfDescribingJson object at 0x000002A03442D430>, <snowplow_tracker.self_describing_json.SelfDescribingJson object at 0x000002A036423FE0>]}
[0m18:50:28.435710 [debug] [MainThread]: Flushing usage events
[0m18:50:29.926438 [debug] [MainThread]: An error was encountered while trying to flush usage events
[0m00:31:41.318178 [debug] [MainThread]: Sending event: {'category': 'dbt', 'action': 'invocation', 'label': 'start', 'context': [<snowplow_tracker.self_describing_json.SelfDescribingJson object at 0x000002221DF63F20>, <snowplow_tracker.self_describing_json.SelfDescribingJson object at 0x000002221E4E8770>, <snowplow_tracker.self_describing_json.SelfDescribingJson object at 0x000002221C70C680>]}


============================== 00:31:41.325172 | f5a908e8-bb34-46a7-8bf5-c051c1ba430e ==============================
[0m00:31:41.325172 [info ] [MainThread]: Running with dbt=1.12.4
[0m00:31:41.325172 [debug] [MainThread]: running dbt with arguments {'version_check': 'True', 'no_print': 'None', 'static_parser': 'True', 'target_path': 'None', 'warn_error_options': 'WarnErrorOptionsV2(error=[], warn=[], silence=[])', 'maximum_seed_size_mib': '1', 'printer_width': '80', 'write_json': 'True', 'introspect': 'True', 'log_cache_events': 'False', 'empty': 'False', 'cache_selected_only': 'False', 'fail_fast': 'False', 'debug': 'False', 'log_format': 'default', 'profiles_dir': 'C:\\Users\\Priyadarsani Biswal\\.dbt', 'send_anonymous_usage_stats': 'True', 'quiet': 'False', 'warn_error': 'None', 'partial_parse': 'True', 'indirect_selection': 'eager', 'hints_enabled': 'True', 'use_colors': 'True', 'use_experimental_parser': 'False', 'invocation_command': 'dbt run --select models/demo', 'log_path': 'logs'}
[0m00:31:41.325172 [error] [MainThread]: [[31mERROR[0m]: Encountered an error:
Runtime Error
  No dbt_project.yml found at expected path C:\DBT_Snowflake\dbt_project.yml
  Verify that each entry within packages.yml (and their transitive dependencies) contains a file named dbt_project.yml
  
[0m00:31:41.325172 [debug] [MainThread]: Command `dbt run` failed at 00:31:41.325172 after 0.23 seconds
[0m00:31:41.325172 [debug] [MainThread]: Sending event: {'category': 'dbt', 'action': 'invocation', 'label': 'end', 'context': [<snowplow_tracker.self_describing_json.SelfDescribingJson object at 0x00000222201C9DF0>, <snowplow_tracker.self_describing_json.SelfDescribingJson object at 0x000002221E4E8770>, <snowplow_tracker.self_describing_json.SelfDescribingJson object at 0x000002221E0DBD70>]}
[0m00:31:41.325172 [debug] [MainThread]: Flushing usage events
[0m00:31:43.545215 [debug] [MainThread]: An error was encountered while trying to flush usage events
[0m00:46:07.928643 [debug] [MainThread]: Sending event: {'category': 'dbt', 'action': 'invocation', 'label': 'start', 'context': [<snowplow_tracker.self_describing_json.SelfDescribingJson object at 0x00000272D77B5850>, <snowplow_tracker.self_describing_json.SelfDescribingJson object at 0x00000272D90C1670>, <snowplow_tracker.self_describing_json.SelfDescribingJson object at 0x00000272D55942F0>]}


============================== 00:46:07.936836 | ef00281f-4ad1-45c9-b6e8-c1b1421b2fe7 ==============================
[0m00:46:07.936836 [info ] [MainThread]: Running with dbt=1.12.4
[0m00:46:07.936836 [debug] [MainThread]: running dbt with arguments {'static_parser': 'True', 'no_print': 'None', 'maximum_seed_size_mib': '1', 'warn_error_options': 'WarnErrorOptionsV2(error=[], warn=[], silence=[])', 'target_path': 'None', 'version_check': 'True', 'printer_width': '80', 'write_json': 'True', 'introspect': 'True', 'log_cache_events': 'False', 'empty': 'False', 'cache_selected_only': 'False', 'log_format': 'default', 'debug': 'False', 'fail_fast': 'False', 'profiles_dir': 'C:\\Users\\Priyadarsani Biswal\\.dbt', 'send_anonymous_usage_stats': 'True', 'quiet': 'False', 'warn_error': 'None', 'partial_parse': 'True', 'invocation_command': 'dbt run --select models/demo', 'hints_enabled': 'True', 'indirect_selection': 'eager', 'use_experimental_parser': 'False', 'use_colors': 'True', 'log_path': 'logs'}
[0m00:46:07.936836 [error] [MainThread]: [[31mERROR[0m]: Encountered an error:
Runtime Error
  No dbt_project.yml found at expected path C:\DBT_Snowflake\dbt_project.yml
  Verify that each entry within packages.yml (and their transitive dependencies) contains a file named dbt_project.yml
  
[0m00:46:07.936836 [debug] [MainThread]: Command `dbt run` failed at 00:46:07.936836 after 0.36 seconds
[0m00:46:07.936836 [debug] [MainThread]: Sending event: {'category': 'dbt', 'action': 'invocation', 'label': 'end', 'context': [<snowplow_tracker.self_describing_json.SelfDescribingJson object at 0x00000272D91E9DF0>, <snowplow_tracker.self_describing_json.SelfDescribingJson object at 0x00000272D7508980>, <snowplow_tracker.self_describing_json.SelfDescribingJson object at 0x00000272D55942F0>]}
[0m00:46:07.936836 [debug] [MainThread]: Flushing usage events
[0m00:46:09.766091 [debug] [MainThread]: An error was encountered while trying to flush usage events
